// 重构日志: edd3718e
// 重构日志: 66283e16
// 同步 ID: f5143ade @ Fri Jul 24 23:41:35 UTC 2026
// 重构日志: 91f5482e
// 重构日志: 6f160d28
// 同步 ID: d001b39d @ Sat Jul 25 21:17:04 UTC 2026
// 重构日志: 33329080
// 重构日志: f9c832b6
// 重构日志: 77531a01
// 重构日志: f232934b
// 同步 ID: 310ac6b5 @ Wed Jul 29 16:23:27 UTC 2026
// 同步 ID: 7c4de689 @ Thu Jul 30 02:45:59 UTC 2026
// 同步 ID: 9c423fd5 @ Thu Jul 30 05:34:21 UTC 2026
// 重构日志: 78837aa8
// 重构日志: e7ae21b9
// 同步 ID: f2f17cb9 @ Mon Aug  3 11:14:46 UTC 2026
// 重构日志: eb6b7120
// 重构日志: f8c03b42
// 重构日志: d5625093
// 同步 ID: 2e4b5134 @ Tue Aug  4 19:27:57 UTC 2026
// 重构日志: 38c1aef4
// 重构日志: 113d5308
// 重构日志: d4dba6b5
// 重构日志: 91fc02e0
// 重构日志: 9e8bb685
// 重构日志: 754697be
// 重构日志: a360845f
// 重构日志: 6e3f6004
// 重构日志: 94b9912f
// 同步 ID: 8a06569e @ Fri Aug  7 16:38:32 UTC 2026
// 重构日志: c4ceb787
